Autograder transcript for Project 1: Search
Starting on 11-14 at 1:02:04
%%% Autograder messages: %%%

Question q3
===========

Finished at 1:02:04
%%%  %%%
%%% Autograder scores: %%%
@@@PASSED SANITY CHECKS@@@
+++ MINIMUM SCORE FOR THIS SUBMISSION +++
Question q3: 2/2
%%% -- Question q3: 2/2 %%%
	
	Autograder scores:
	-- Question q3: 2/2
%%% ------------------- %%%
%%% Total: 2/2 %%%
2
%%%  %%%
%%% Note: This total score represents the autograder's assessment of your project score.  This score is never the final word on your grade, but it is a lower bound.  The staff may return points mistakenly taken away by the autograder -- let us know if you think the autograder has gone rogue. %%%
