Autograder transcript for Project 1: Search
Starting on 11-14 at 1:02:04
%%% Autograder messages: %%%

Question q2
===========

Finished at 1:02:04
%%%  %%%
%%% Autograder scores: %%%
@@@PASSED SANITY CHECKS@@@
+++ MINIMUM SCORE FOR THIS SUBMISSION +++
Question q2: 1/1
%%% -- Question q2: 1/1 %%%
	
	Autograder scores:
	-- Question q2: 1/1
%%% ------------------- %%%
%%% Total: 1/1 %%%
1
%%%  %%%
%%% Note: This total score represents the autograder's assessment of your project score.  This score is never the final word on your grade, but it is a lower bound.  The staff may return points mistakenly taken away by the autograder -- let us know if you think the autograder has gone rogue. %%%
