Autograder transcript for Project 1: Search
Starting on 11-14 at 1:02:04
%%% Autograder messages: %%%

Question q4
===========

Finished at 1:02:04
%%%  %%%
%%% Autograder scores: %%%
@@@PASSED SANITY CHECKS@@@
+++ MINIMUM SCORE FOR THIS SUBMISSION +++
Question q4: 3/3
%%% -- Question q4: 3/3 %%%
	
	Autograder scores:
	-- Question q4: 3/3
%%% ------------------- %%%
%%% Total: 3/3 %%%
3
%%%  %%%
%%% Note: This total score represents the autograder's assessment of your project score.  This score is never the final word on your grade, but it is a lower bound.  The staff may return points mistakenly taken away by the autograder -- let us know if you think the autograder has gone rogue. %%%
